// Jest Snapshot v1, https://goo.gl/fbAQLP

exports[`Credit Card should match snapshot 1`] = `
<DocumentFragment>
  <div
    class="card-container"
  >
    <div
      class="card-logo"
    >
      <svg
        alt="example card"
      >
        card_example.svg
      </svg>
    </div>
    <div
      class="card-details-container"
    >
      <input
        aria-required="true"
        id="cc_name_on_card"
        maxlength="25"
        name="cc_name_on_card"
        placeholder="CARDHOLDER NAME"
        type="text"
        value=""
      />
      <input
        aria-required="true"
        data-msg-required="Card number is mandatory"
        id="cc_number"
        maxlength="19"
        minlength="19"
        name="cc_number"
        placeholder="CARDNUMBER"
        type="text"
        value=""
      />
    </div>
    <div
      class="card-validity-container"
    >
      <div
        class="card-expiry-container"
      >
        <span>
          EXP Date
        </span>
        <select
          id="cc_exp_month"
          name="cc_exp_month"
        >
          <option
            value="MM"
          >
            MM
          </option>
          <option
            value="01"
          >
            01
          </option>
          <option
            value="02"
          >
            02
          </option>
          <option
            value="03"
          >
            03
          </option>
          <option
            value="04"
          >
            04
          </option>
          <option
            value="05"
          >
            05
          </option>
          <option
            value="06"
          >
            06
          </option>
          <option
            value="07"
          >
            07
          </option>
          <option
            value="08"
          >
            08
          </option>
          <option
            value="09"
          >
            09
          </option>
          <option
            value="10"
          >
            10
          </option>
          <option
            value="11"
          >
            11
          </option>
          <option
            value="12"
          >
            12
          </option>
        </select>
        <select
          id="cc_exp_year"
          name="cc_exp_year"
        >
          <option
            value="YYYY"
          >
            YYYY
          </option>
          <option
            value="2021"
          >
            2021
          </option>
          <option
            value="2022"
          >
            2022
          </option>
          <option
            value="2023"
          >
            2023
          </option>
          <option
            value="2024"
          >
            2024
          </option>
          <option
            value="2025"
          >
            2025
          </option>
          <option
            value="2026"
          >
            2026
          </option>
          <option
            value="2027"
          >
            2027
          </option>
          <option
            value="2028"
          >
            2028
          </option>
          <option
            value="2029"
          >
            2029
          </option>
          <option
            value="2030"
          >
            2030
          </option>
          <option
            value="2031"
          >
            2031
          </option>
          <option
            value="2032"
          >
            2032
          </option>
          <option
            value="2033"
          >
            2033
          </option>
          <option
            value="2034"
          >
            2034
          </option>
          <option
            value="2035"
          >
            2035
          </option>
          <option
            value="2036"
          >
            2036
          </option>
          <option
            value="2037"
          >
            2037
          </option>
          <option
            value="2038"
          >
            2038
          </option>
          <option
            value="2039"
          >
            2039
          </option>
          <option
            value="2040"
          >
            2040
          </option>
        </select>
      </div>
      <div
        class="card-cvv-container"
      >
        <label>
          CVV2
        </label>
        <input
          aria-required="true"
          data-msg-required="CVV is mandatory"
          id="cc_cvv"
          maxlength="3"
          name="cc_cvv"
          size="3"
          type="password"
          value=""
        />
      </div>
    </div>
  </div>
  <div />
</DocumentFragment>
`;
